*** Booting nRF Connect SDK v3.0.2-89ba1294ac9b ***
*** Using Zephyr OS v4.0.99-f791c49f492c ***
[00:00:00.000,335] [0m<inf> imu_replay_test: IMU_REPLAY_TEST_START[0m
[00:00:00.000,549] [0m<inf> imu_bsp: LSM6DSV16BX WHO_AM_I Value: 113[0m
[00:00:00.001,373] [0m<inf> imu: Thread running[0m
[00:00:00.001,373] [0m<inf> imu: Applying new configuration[0m
[00:00:00.002,563] [0m<inf> imu_replay_test: IMU_REPLAY_CONFIGURED odr=60[0m
[00:00:00.002,746] [0m<inf> imu_replay_test: FILTER_INITIALIZED odr=60[0m
[00:00:00.002,838] [0m<inf> imu_replay_test: IMU_REPLAY_DATA_START[0m
acc_x,acc_y,acc_z,gyro_x,gyro_y,gyro_z,quat_w,quat_x,quat_y,quat_z
QUAT,0,19,-0.328068763,0.856501997,2.79808883e-05,0.398466021
QUAT,1,35,-0.327874035,0.856694162,0.000344579283,0.398213208
QUAT,2,52,-0.327784777,0.856677234,0.000368223991,0.39832297
QUAT,3,69,-0.327775747,0.856749952,0.000170847939,0.398174196
QUAT,4,85,-0.327736646,0.856924176,0.000135707262,0.397831142
QUAT,5,102,-0.327755034,0.857024908,6.98960284e-05,0.397599131
QUAT,6,119,-0.327807069,0.857014179,-0.000153083223,0.397579432
QUAT,7,135,-0.327828795,0.856958926,-0.000309613562,0.397680491
QUAT,8,152,-0.32776612,0.856918335,-0.000186920704,0.397819787
QUAT,9,169,-0.327624291,0.856945515,7.72872663e-05,0.397877932
QUAT,10,185,-0.327520102,0.857023358,0.000151794549,0.397795618
QUAT,11,202,-0.327523202,0.857100546,-8.03139574e-06,0.397627264
QUAT,12,219,-0.327507079,0.857116461,-1.58218591e-05,0.397606045
QUAT,13,235,-0.327470392,0.85717696,4.53317771e-05,0.397505909
QUAT,14,252,-0.327449948,0.85720706,0.0001282827,0.397457927
QUAT,15,269,-0.327396423,0.857195139,0.000223938914,0.397527486
QUAT,16,285,-0.327328205,0.857166767,0.000307445618,0.397644848
QUAT,17,302,-0.327307612,0.857155681,0.000313075114,0.397685826
QUAT,18,319,-0.327310741,0.857218981,0.000249424222,0.397546828
QUAT,19,335,-0.327308774,0.857299447,0.000242359616,0.397374839
QUAT,20,352,-0.327311009,0.857366562,0.000295842619,0.397228211
QUAT,21,369,-0.327292025,0.857439101,0.000314586214,0.397086859
QUAT,22,385,-0.327257127,0.857410729,0.000376156066,0.397176623
QUAT,23,402,-0.327182293,0.857396901,0.000463511067,0.397268444
QUAT,24,419,-0.327082962,0.857444882,0.000529175217,0.39724645
QUAT,25,435,-0.327014506,0.857489705,0.000593925826,0.397206008
QUAT,26,452,-0.3269642,0.857524335,0.000624452892,0.39717257
QUAT,27,469,-0.326937109,0.857551217,0.000603649823,0.397137165
QUAT,28,485,-0.326883376,0.857571065,0.000612575677,0.397138566
QUAT,29,502,-0.326816082,0.857564747,0.000626891851,0.397207648
QUAT,30,519,-0.326792419,0.85754329,0.00056221243,0.397273272
QUAT,31,535,-0.326798648,0.857504129,0.000508984609,0.397352546
QUAT,32,552,-0.326773435,0.857492805,0.000505385047,0.397397876
QUAT,33,569,-0.32672897,0.857563972,0.000551830512,0.397280842
QUAT,34,585,-0.326621145,0.857750595,0.000604614674,0.396966249
QUAT,35,602,-0.326565564,0.857864141,0.000747447077,0.396766424
QUAT,36,619,-0.326567352,0.857949674,0.000864548259,0.396579832
QUAT,37,635,-0.326593697,0.857985795,0.000842886569,0.396480113
QUAT,38,652,-0.326651573,0.857922494,0.000717324554,0.396569401
QUAT,39,669,-0.326687455,0.857851028,0.000546622439,0.396694809
QUAT,40,685,-0.326693416,0.857833862,0.000350535731,0.396727175
QUAT,41,702,-0.326684773,0.857835531,0.000196438661,0.396730691
QUAT,42,719,-0.326674044,0.857823968,0.000113274582,0.396764517
QUAT,43,735,-0.326675832,0.857799292,5.85454836e-05,0.396816432
QUAT,44,752,-0.326676458,0.857760787,7.71167688e-05,0.396899283
QUAT,45,769,-0.326702625,0.857701957,0.000131219247,0.397004992
QUAT,46,785,-0.326734036,0.857662499,0.000164611934,0.397064358
QUAT,47,802,-0.326773643,0.857672989,0.000157511182,0.397009104
QUAT,48,819,-0.326800287,0.857717276,0.000121223362,0.396891505
QUAT,49,835,-0.326833487,0.857753873,6.93953043e-05,0.396784931
QUAT,50,852,-0.326891601,0.85768503,3.85438616e-05,0.396885902
QUAT,51,869,-0.326940835,0.857603848,4.39109608e-05,0.397020459
QUAT,52,885,-0.326999128,0.857500553,5.78448016e-05,0.397195816
QUAT,53,902,-0.327017337,0.857436299,2.89490181e-05,0.397319466
QUAT,54,919,-0.326987237,0.857422173,-5.27450065e-05,0.39737463
QUAT,55,935,-0.326974303,0.857420206,-0.00015547013,0.397389591
QUAT,56,952,-0.326982051,0.857408404,-0.000221783223,0.397408545
QUAT,57,969,-0.326972336,0.857397795,-0.000244300551,0.397439569
QUAT,58,985,-0.326966017,0.857363522,-0.000239447501,0.397518843
QUAT,59,1002,-0.326981038,0.857295454,-0.000263021706,0.397652984
QUAT,60,1019,-0.327030391,0.857235849,-0.000366877124,0.397740781
QUAT,61,1035,-0.327064991,0.857181787,-0.000465377176,0.397828907
QUAT,62,1052,-0.327097088,0.857062042,-0.000480617717,0.398060471
QUAT,63,1069,-0.327120513,0.856956363,-0.000416605006,0.398268849
QUAT,64,1085,-0.327102631,0.856980503,-0.000415140006,0.398231536
QUAT,65,1102,-0.327087134,0.856975198,-0.000346162968,0.398255676
QUAT,66,1119,-0.32706666,0.856998801,-0.000281497778,0.398221552
QUAT,67,1135,-0.327093631,0.85703361,-0.000283916132,0.398124546
QUAT,68,1152,-0.327139229,0.857028306,-0.000316562509,0.39809832
QUAT,69,1169,-0.327125728,0.856986761,-0.000326461479,0.398198962
QUAT,70,1185,-0.327094913,0.856890559,-0.000292784389,0.398431301
QUAT,71,1202,-0.327085882,0.856810749,-0.000271712488,0.398610234
QUAT,72,1219,-0.327096552,0.856793761,-0.000262690563,0.39863804
QUAT,73,1235,-0.327122509,0.856787145,-0.000288220705,0.398630917
QUAT,74,1252,-0.327137828,0.856803238,-0.000295677164,0.398583889
QUAT,75,1269,-0.327112585,0.856873155,-0.000297659804,0.398454428
QUAT,76,1285,-0.327125758,0.856892347,-0.000226441218,0.398402303
QUAT,77,1302,-0.327163309,0.856944919,-0.000138178759,0.39825803
QUAT,78,1319,-0.327239007,0.857007146,-6.61753438e-05,0.39806205
QUAT,79,1335,-0.327325284,0.857049525,-1.95385314e-06,0.397900045
QUAT,80,1352,-0.327376187,0.857069612,6.20202991e-05,0.39781484
QUAT,81,1369,-0.327388287,0.857070208,0.000122712067,0.397803575
QUAT,82,1385,-0.327412903,0.857070506,0.000163759425,0.397782654
QUAT,83,1402,-0.327430993,0.857104778,0.000171764768,0.397694021
QUAT,84,1419,-0.327422231,0.857158959,0.000168776081,0.397584289
QUAT,85,1435,-0.327429801,0.857179999,0.000165142934,0.397532761
QUAT,86,1452,-0.327466488,0.857134223,0.000183021912,0.397601157
QUAT,87,1469,-0.327549398,0.857067347,0.00019052549,0.397677004
QUAT,88,1485,-0.327618569,0.857027948,0.000157306509,0.39770487
QUAT,89,1502,-0.327669203,0.856926143,0.000215022621,0.397882581
QUAT,90,1519,-0.327728927,0.856858253,0.000279464293,0.397979558
QUAT,91,1535,-0.327819198,0.856795788,0.00036978352,0.398039579
QUAT,92,1552,-0.327930063,0.856750548,0.000465686171,0.39804554
QUAT,93,1569,-0.328103483,0.856695652,0.000554800616,0.398020923
QUAT,94,1585,-0.328291595,0.856669784,0.000631703937,0.397920966
QUAT,95,1602,-0.328437835,0.856692612,0.000657892204,0.397751153
QUAT,96,1619,-0.328529447,0.856705487,0.000685128965,0.39764753
QUAT,97,1635,-0.32862857,0.856651485,0.000719171192,0.397682011
QUAT,98,1652,-0.328749746,0.856550336,0.000748038001,0.397799641
QUAT,99,1669,-0.328893006,0.856432021,0.000797913177,0.397935957
QUAT,100,1685,-0.329051882,0.85634923,0.000810720434,0.397982895
QUAT,101,1702,-0.329197049,0.856303036,0.000796714856,0.397962034
QUAT,102,1719,-0.329246253,0.856269598,0.000824485964,0.397993416
QUAT,103,1735,-0.329278231,0.856230021,0.000856146857,0.398051947
QUAT,104,1752,-0.32928291,0.856261134,0.000874743448,0.397981256
QUAT,105,1769,-0.329318315,0.856269121,0.000964893494,0.397934228
QUAT,106,1785,-0.329398453,0.856264293,0.00109275978,0.39787814
QUAT,107,1802,-0.329485863,0.856286466,0.00118897681,0.397757739
QUAT,108,1819,-0.329607278,0.856230199,0.00130061468,0.397777975
QUAT,109,1835,-0.329781562,0.856088758,0.00139518117,0.397937685
QUAT,110,1852,-0.3299959,0.855948269,0.00137680513,0.398062229
QUAT,111,1869,-0.330247641,0.855782866,0.00132421288,0.398209393
QUAT,112,1885,-0.330447644,0.855650842,0.00125652831,0.398327351
QUAT,113,1902,-0.3305794,0.855615675,0.00121357234,0.398293465
QUAT,114,1919,-0.330699474,0.855611503,0.00121469598,0.398202747
QUAT,115,1935,-0.330757529,0.855634511,0.00129509496,0.398104846
QUAT,116,1952,-0.330792636,0.855590224,0.00145669363,0.398170322
QUAT,117,1969,-0.330992848,0.855373621,0.00169831654,0.398468286
QUAT,118,1985,-0.331435978,0.85505271,0.00194996258,0.398787379
QUAT,119,2002,-0.331902266,0.85500735,0.00210358924,0.398495942
QUAT,120,2019,-0.331855237,0.855584919,0.00192671304,0.397294372
QUAT,121,2035,-0.331288189,0.856225193,0.00161859719,0.396388978
QUAT,122,2052,-0.330938965,0.856079698,0.00158732361,0.396994054
QUAT,123,2069,-0.331326127,0.855148196,0.00179869635,0.398674607
QUAT,124,2085,-0.331906766,0.854444087,0.00189355109,0.399699569
QUAT,125,2102,-0.332011819,0.854458869,0.00175274117,0.399581224
QUAT,126,2119,-0.331873566,0.854720891,0.00154301396,0.399136394
QUAT,127,2135,-0.331884086,0.854914606,0.00140330882,0.398713112
QUAT,128,2152,-0.332014352,0.855081737,0.00133076019,0.398246139
QUAT,129,2169,-0.332077295,0.855190396,0.00131565612,0.397960514
QUAT,130,2185,-0.332121968,0.855079412,0.00131797139,0.398161381
QUAT,131,2202,-0.332278162,0.854759634,0.00133211818,0.398717374
QUAT,132,2219,-0.332459241,0.854455054,0.0013407236,0.399218976
QUAT,133,2235,-0.332504928,0.854389191,0.00127027184,0.399322182
QUAT,134,2252,-0.33235243,0.854474366,0.00116213481,0.399266869
QUAT,135,2269,-0.332174689,0.854468763,0.00109363184,0.399427146
QUAT,136,2285,-0.332093477,0.854319274,0.00102168461,0.399814397
QUAT,137,2302,-0.33219704,0.854092419,0.000910163915,0.400213093
QUAT,138,2319,-0.332414269,0.853916168,0.000726658734,0.400408983
QUAT,139,2335,-0.332615584,0.85384208,0.000504826021,0.40040046
QUAT,140,2352,-0.332820892,0.853752375,0.000339072722,0.400421292
QUAT,141,2369,-0.33296591,0.853636801,0.000314323464,0.400547177
QUAT,142,2385,-0.33307749,0.853533447,0.000340554572,0.40067476
QUAT,143,2402,-0.333031416,0.853563607,0.000392337097,0.400648296
QUAT,144,2419,-0.332890749,0.853665054,0.000419436983,0.400549352
QUAT,145,2435,-0.332784742,0.853727579,0.000445197977,0.400504142
QUAT,146,2452,-0.332750529,0.853721559,0.000478091271,0.40054518
QUAT,147,2469,-0.33286044,0.853641987,0.000503652322,0.400623202
QUAT,148,2485,-0.332988948,0.853548825,0.000440230477,0.400715292
QUAT,149,2502,-0.333022982,0.853424311,0.000336724886,0.40095222
QUAT,150,2519,-0.333076537,0.853210032,0.000224673626,0.401363522
QUAT,151,2535,-0.333230168,0.85297662,0.000196132562,0.401731908
QUAT,152,2552,-0.333587676,0.85291791,0.000230335354,0.401559979
QUAT,153,2569,-0.334206492,0.853105068,0.00034441505,0.400646865
QUAT,154,2585,-0.334919274,0.853419065,0.000549648423,0.399380326
QUAT,155,2602,-0.335618973,0.853640139,0.00086257729,0.398318499
QUAT,156,2619,-0.336280882,0.853637695,0.00127616501,0.397764146
QUAT,157,2635,-0.337269902,0.853239477,0.00185133016,0.397778928
QUAT,158,2652,-0.338447034,0.853119195,0.00203015073,0.397035569
QUAT,159,2669,-0.33884865,0.854013324,0.00151736592,0.394766718
QUAT,160,2685,-0.33851409,0.854860067,0.00101884536,0.39321962
QUAT,161,2702,-0.338362128,0.854718864,0.00116398407,0.393656313
QUAT,162,2719,-0.338619143,0.854052365,0.00158860371,0.394878715
QUAT,163,2735,-0.338725746,0.853834987,0.0017832187,0.395256341
QUAT,164,2752,-0.338370204,0.85413146,0.00169991062,0.394920677
QUAT,165,2769,-0.337784737,0.854460478,0.00166583923,0.394710302
QUAT,166,2785,-0.337451428,0.854421735,0.00182459911,0.395078361
QUAT,167,2802,-0.337349445,0.854271412,0.00208505802,0.395488828
QUAT,168,2819,-0.337173104,0.854300499,0.00223739748,0.395575553
QUAT,169,2835,-0.336798966,0.85450983,0.0022176872,0.395441949
QUAT,170,2852,-0.33637327,0.854634404,0.00219143555,0.395535499
QUAT,171,2869,-0.336245,0.854528129,0.00219914783,0.395873994
QUAT,172,2885,-0.336478055,0.854352474,0.00214454439,0.396055371
QUAT,173,2902,-0.336870939,0.854219437,0.00199892651,0.396009356
QUAT,174,2919,-0.337079674,0.854202449,0.00179011584,0.395869195
QUAT,175,2935,-0.33705461,0.854139984,0.00165925699,0.396025777
QUAT,176,2952,-0.337024212,0.854011178,0.00154912134,0.39632988
QUAT,177,2969,-0.336975157,0.85392189,0.00146954891,0.396564305
QUAT,178,2985,-0.336800307,0.853869021,0.00137718953,0.396826565
QUAT,179,3002,-0.336575508,0.85379678,0.00120363338,0.397173345
QUAT,180,3019,-0.336525977,0.853570163,0.0010912643,0.397702366
QUAT,181,3035,-0.336597383,0.853389263,0.000962204998,0.398030341
QUAT,182,3052,-0.336553693,0.853417993,0.000765439181,0.398006231
QUAT,183,3069,-0.336385518,0.853487551,0.000573490921,0.397999436
QUAT,184,3085,-0.336171716,0.853415132,0.000492925581,0.398335367
QUAT,185,3102,-0.336135119,0.853079736,0.000566324277,0.399083972
QUAT,186,3119,-0.336376011,0.852632105,0.000669247529,0.399836719
QUAT,187,3135,-0.336755782,0.852309048,0.000713409507,0.400205612
QUAT,188,3152,-0.337042928,0.852207601,0.000773297506,0.400179625
QUAT,189,3169,-0.33720383,0.852260828,0.00087891228,0.399930567
QUAT,190,3185,-0.33734259,0.852391005,0.000955253548,0.399535596
QUAT,191,3202,-0.337526768,0.852496207,0.000965465675,0.399155617
QUAT,192,3219,-0.337790668,0.852535129,0.000794445456,0.398849428
QUAT,193,3235,-0.338060707,0.85243696,0.000465749094,0.39883092
QUAT,194,3252,-0.338396251,0.852029681,0.000175411958,0.399416536
QUAT,195,3269,-0.33886978,0.851214707,3.91937683e-05,0.400750279
QUAT,196,3285,-0.339449197,0.850345016,-0.000106740408,0.40210411
QUAT,197,3302,-0.339987308,0.849702597,-0.000387310807,0.403006375
QUAT,198,3319,-0.340330422,0.84937197,-0.000786536373,0.403412938
QUAT,199,3335,-0.340572149,0.849205077,-0.00122169685,0.403559089
QUAT,200,3352,-0.340860814,0.84902066,-0.00159369688,0.40370211
QUAT,201,3369,-0.341383576,0.848799348,-0.00193971186,0.403724372
QUAT,202,3385,-0.342077643,0.848668098,-0.0024158617,0.403410047
QUAT,203,3402,-0.342805415,0.84856838,-0.00299860165,0.40299803
QUAT,204,3419,-0.343534917,0.848409712,-0.00370534603,0.402704418
QUAT,205,3435,-0.344242573,0.848105311,-0.00437512156,0.402734905
QUAT,206,3452,-0.344947815,0.847730577,-0.00481502991,0.402915537
QUAT,207,3469,-0.345694393,0.847587466,-0.00517145125,0.402572244
QUAT,208,3485,-0.346518129,0.847725093,-0.00534604583,0.401570708
QUAT,209,3502,-0.347337782,0.848125637,-0.00531853875,0.400014073
QUAT,210,3519,-0.348059118,0.848799944,-0.00510787684,0.397953898
QUAT,211,3535,-0.348638386,0.849533081,-0.00473416038,0.395881802
QUAT,212,3552,-0.349070251,0.850231886,-0.00421861093,0.394002557
QUAT,213,3569,-0.34933126,0.850844204,-0.00356594846,0.392452627
QUAT,214,3585,-0.349327683,0.851527035,-0.00286185625,0.390978038
QUAT,215,3602,-0.349119216,0.852257252,-0.00218931376,0.389575034
QUAT,216,3619,-0.348847121,0.852966964,-0.00163661584,0.388266116
QUAT,217,3635,-0.348568231,0.853582501,-0.00121083378,0.38716355
QUAT,218,3652,-0.348217487,0.854034722,-0.000830459874,0.386482745
QUAT,219,3669,-0.3478055,0.854266226,-0.000434512913,0.386342317
QUAT,220,3685,-0.347348779,0.854385912,-1.2192153e-05,0.386488944
QUAT,221,3702,-0.346633166,0.854653597,0.000275835919,0.3865394
QUAT,222,3719,-0.345827639,0.854862392,0.000554639963,0.386798859
QUAT,223,3735,-0.345294327,0.854671538,0.000976088806,0.387695163
QUAT,224,3752,-0.345053643,0.854390085,0.00126256247,0.38852796
QUAT,225,3769,-0.344999939,0.85409075,0.00141210807,0.389232785
QUAT,226,3785,-0.345030606,0.853931546,0.00139250106,0.389555246
QUAT,227,3802,-0.344951868,0.854013503,0.00121856912,0.389445603
QUAT,228,3819,-0.344646066,0.854280531,0.00106835947,0.38913095
QUAT,229,3835,-0.344254851,0.854540944,0.00103742082,0.388905376
QUAT,230,3852,-0.343900084,0.854717374,0.00112789171,0.388831049
QUAT,231,3869,-0.343702435,0.854768872,0.0012812746,0.388892263
QUAT,232,3885,-0.343562782,0.854773939,0.00141937006,0.389004111
QUAT,233,3902,-0.343400985,0.854782581,0.00151832541,0.389127493
QUAT,234,3919,-0.343313247,0.85468936,0.00163486192,0.389409155
QUAT,235,3935,-0.343290538,0.854642332,0.00164311973,0.389532387
QUAT,236,3952,-0.343275607,0.854714036,0.00151680224,0.3893888
QUAT,237,3969,-0.343377143,0.854749799,0.00139583228,0.389221191
QUAT,238,3985,-0.34352836,0.854765415,0.00129649753,0.389053822
QUAT,239,4002,-0.343568921,0.854831457,0.00123582617,0.388872892
QUAT,240,4019,-0.343488008,0.854880393,0.00127651775,0.388836771
QUAT,241,4035,-0.343433946,0.854876637,0.00137749198,0.388892174
QUAT,242,4052,-0.34365958,0.854782879,0.00133464404,0.388899267
QUAT,243,4069,-0.344306529,0.854564846,0.00114892144,0.388806731
QUAT,244,4085,-0.345294029,0.854190946,0.000847039919,0.388753504
QUAT,245,4102,-0.346453726,0.853675306,0.000662077277,0.388854682
QUAT,246,4119,-0.347407699,0.853269577,0.000482182135,0.388894379
QUAT,247,4135,-0.347913235,0.853152931,0.00033536274,0.38869819
QUAT,248,4152,-0.348190039,0.853135645,0.00023918206,0.388488382
QUAT,249,4169,-0.348410159,0.853271723,-1.37238194e-05,0.387992054
QUAT,250,4185,-0.348778546,0.853293836,-0.000474173401,0.387612104
QUAT,251,4202,-0.349354833,0.8530128,-0.0010778422,0.387710303
QUAT,252,4219,-0.349913985,0.85252136,-0.00170823047,0.388284475
QUAT,253,4235,-0.350523114,0.851963401,-0.0021630791,0.388956547
QUAT,254,4252,-0.351133317,0.851723254,-0.00251867413,0.388930053
QUAT,255,4269,-0.351544559,0.851996005,-0.00262174779,0.387959331
QUAT,256,4285,-0.351713717,0.852722049,-0.0024872697,0.386208087
QUAT,257,4302,-0.351791412,0.853579819,-0.00209998759,0.384239346
QUAT,258,4319,-0.351890326,0.854306042,-0.0014343186,0.382534206
QUAT,259,4335,-0.352057725,0.85480684,-0.000597166945,0.381261617
QUAT,260,4352,-0.352187276,0.855203271,0.000290533819,0.380251676
QUAT,261,4369,-0.352128536,0.855638266,0.00114749849,0.379324853
QUAT,262,4385,-0.351803809,0.856231034,0.00183514226,0.378284663
QUAT,263,4402,-0.351316512,0.85682267,0.00250714412,0.377393037
QUAT,264,4419,-0.350658208,0.857479215,0.00311497296,0.376508385
QUAT,265,4435,-0.34992829,0.858087897,0.00359853543,0.375795752
QUAT,266,4452,-0.349323958,0.858397722,0.00406215061,0.375645667
QUAT,267,4469,-0.348846525,0.858371615,0.00450359331,0.376143664
QUAT,268,4485,-0.348485827,0.858090937,0.00487002824,0.377112627
QUAT,269,4502,-0.348262906,0.857716858,0.00506978389,0.378165662
QUAT,270,4519,-0.3481704,0.857460558,0.00506120408,0.378831446
QUAT,271,4535,-0.348203212,0.857358217,0.00489328289,0.379034936
QUAT,272,4552,-0.348399341,0.857359529,0.00457820203,0.378855854
QUAT,273,4569,-0.348681211,0.857405841,0.00420489861,0.378495663
QUAT,274,4585,-0.348883152,0.857406735,0.00387532753,0.378311068
QUAT,275,4602,-0.34892711,0.857305169,0.00367579656,0.378502816
QUAT,276,4619,-0.348847687,0.857172787,0.00348898792,0.378877163
QUAT,277,4635,-0.348795414,0.85707432,0.00316321966,0.379151046
QUAT,278,4652,-0.348920435,0.856922746,0.00267593004,0.379382014
QUAT,279,4669,-0.349204361,0.856674492,0.00212030648,0.379684836
QUAT,280,4685,-0.349517912,0.856401622,0.00170748553,0.380014092
QUAT,281,4702,-0.349695414,0.856240571,0.00135278562,0.3802149
QUAT,282,4719,-0.349706441,0.85618943,0.00111022231,0.380320758
QUAT,283,4735,-0.349660039,0.856234252,0.000957261131,0.38026312
QUAT,284,4752,-0.349743575,0.856308162,0.000721434539,0.38002038
QUAT,285,4769,-0.350059539,0.856252551,0.000511827297,0.379854888
QUAT,286,4785,-0.350597799,0.856042683,0.000288034062,0.379831612
QUAT,287,4802,-0.351243377,0.855713487,7.34098721e-05,0.379977256
QUAT,288,4819,-0.351916999,0.855252445,-9.14758712e-05,0.380391955
QUAT,289,4835,-0.3524611,0.854825914,-0.000299159496,0.380845845
QUAT,290,4852,-0.352813214,0.854534745,-0.000601644337,0.381173134
QUAT,291,4869,-0.353146166,0.854330003,-0.000992681016,0.38132298
QUAT,292,4885,-0.353707403,0.854144216,-0.00152268505,0.381217182
QUAT,293,4902,-0.354697287,0.853875875,-0.00222971407,0.380894572
QUAT,294,4919,-0.356071681,0.853503942,-0.00307433237,0.380439907
QUAT,295,4935,-0.357471317,0.853149295,-0.00400597043,0.379913867
QUAT,296,4952,-0.358361959,0.853024542,-0.00496424176,0.379343212
QUAT,297,4969,-0.358632714,0.852993369,-0.00575923268,0.379146159
QUAT,298,4985,-0.358873427,0.852784216,-0.00632572267,0.37937957
QUAT,299,5002,-0.359412551,0.852454126,-0.00689173536,0.379601538
QUAT,300,5019,-0.360097766,0.852141619,-0.00743205147,0.379643559
QUAT,301,5035,-0.360696435,0.851944923,-0.00777088851,0.379509807
QUAT,302,5052,-0.36094296,0.852074921,-0.00787579548,0.378980905
QUAT,303,5069,-0.36086601,0.85237211,-0.00749631273,0.378393084
QUAT,304,5085,-0.360501349,0.85303992,-0.00688243611,0.377245814
QUAT,305,5102,-0.359973907,0.85392195,-0.0060579041,0.375765264
QUAT,306,5119,-0.359474778,0.854803979,-0.00507220486,0.374249071
QUAT,307,5135,-0.358940184,0.855635464,-0.00403848197,0.372872174
QUAT,308,5152,-0.358320475,0.856324375,-0.00297146733,0.371895552
QUAT,309,5169,-0.357596248,0.856846333,-0.00196785177,0.37139678
QUAT,310,5185,-0.356575042,0.857467473,-0.00111509464,0.370948404
QUAT,311,5202,-0.355205804,0.858309567,-0.000456790556,0.370315254
QUAT,312,5219,-0.353864133,0.85901016,7.6156728e-05,0.369975597
QUAT,313,5235,-0.352658212,0.859398901,0.000581996166,0.370223731
QUAT,314,5252,-0.351644158,0.859503627,0.000917348661,0.370943636
QUAT,315,5269,-0.350929379,0.859371185,0.00111527229,0.371925712
QUAT,316,5285,-0.350418627,0.859232426,0.00111274014,0.372726858
QUAT,317,5302,-0.349940538,0.85935086,0.000853653299,0.372903436
QUAT,318,5319,-0.349534482,0.859619856,0.000400390534,0.372665256
QUAT,319,5335,-0.34924534,0.859857976,-9.64115679e-05,0.372386932
QUAT,320,5352,-0.349287808,0.859766304,-0.000530817604,0.372558504
QUAT,321,5369,-0.349698752,0.859359562,-0.000956117408,0.373110116
QUAT,322,5385,-0.350342751,0.858742476,-0.00137306144,0.373924583
QUAT,323,5402,-0.351002634,0.858024836,-0.00179714523,0.374950022
QUAT,324,5419,-0.351443619,0.857415974,-0.00219971756,0.375926018
QUAT,325,5435,-0.351643503,0.857048571,-0.00259039761,0.37657389
QUAT,326,5452,-0.351778865,0.856907845,-0.00302542443,0.376764625
QUAT,327,5469,-0.351895154,0.856966317,-0.00346269296,0.376518995
QUAT,328,5485,-0.352070749,0.857117832,-0.00397730619,0.376004726
QUAT,329,5502,-0.35241425,0.857138455,-0.00452301465,0.375629485
QUAT,330,5519,-0.352794826,0.856894076,-0.00508159958,0.375822842
QUAT,331,5535,-0.353157222,0.856375575,-0.0055692303,0.376656353
QUAT,332,5552,-0.353541732,0.855673134,-0.00593554322,0.377884448
QUAT,333,5569,-0.35382852,0.855078518,-0.0062652817,0.378955185
QUAT,334,5585,-0.353990018,0.854686022,-0.00658459309,0.379683673
QUAT,335,5602,-0.354126692,0.85439229,-0.00688767945,0.380211562
QUAT,336,5619,-0.354361624,0.854101717,-0.00722592277,0.380638748
QUAT,337,5635,-0.354761571,0.853729486,-0.00761387357,0.381093621
QUAT,338,5652,-0.355362087,0.853293836,-0.00815368909,0.381498516
QUAT,339,5669,-0.356043249,0.85286957,-0.00885497592,0.381796032
QUAT,340,5685,-0.356738776,0.852434218,-0.00964064617,0.382100224
QUAT,341,5702,-0.35754025,0.851949692,-0.0104444427,0.382410467
QUAT,342,5719,-0.358458936,0.851477623,-0.0112415077,0.382579207
QUAT,343,5735,-0.359313726,0.851206899,-0.0119922496,0.382356614
QUAT,344,5752,-0.359980255,0.851057112,-0.0125540243,0.382045269
QUAT,345,5769,-0.360748887,0.850838423,-0.0129984934,0.381792158
QUAT,346,5785,-0.361915052,0.850370944,-0.0135085732,0.381712079
QUAT,347,5802,-0.363197833,0.849740624,-0.0140544316,0.38187784
QUAT,348,5819,-0.36411193,0.849168479,-0.0144255506,0.382266104
QUAT,349,5835,-0.364376336,0.848971784,-0.014552759,0.382446408
QUAT,350,5852,-0.363946348,0.849444568,-0.0144782336,0.381808519
QUAT,351,5869,-0.363145858,0.8504228,-0.0140726501,0.380405724
QUAT,352,5885,-0.362214446,0.851515591,-0.0131930392,0.378877312
QUAT,353,5902,-0.361251116,0.852600098,-0.0120219793,0.37739414
QUAT,354,5919,-0.360579133,0.853333414,-0.0105881533,0.376421005
QUAT,355,5935,-0.359983832,0.853802502,-0.00897974428,0.375968784
QUAT,356,5952,-0.359187722,0.85430944,-0.00741310464,0.375612378
QUAT,357,5969,-0.358141065,0.854998529,-0.00595062412,0.375069529
QUAT,358,5985,-0.356915623,0.855892301,-0.00464539835,0.374216825
QUAT,359,6002,-0.355613053,0.85691303,-0.00360083766,0.373130918
QUAT,360,6019,-0.354428947,0.857751012,-0.00276767369,0.372338116
QUAT,361,6035,-0.353541702,0.858227074,-0.00218173512,0.372088701
QUAT,362,6052,-0.35282445,0.858491242,-0.00183871947,0.372161746
QUAT,363,6069,-0.352331042,0.858559608,-0.00173208956,0.372472078
QUAT,364,6085,-0.352077216,0.858580709,-0.00188237545,0.372662753
QUAT,365,6102,-0.351883709,0.858668208,-0.00227648159,0.372641355
QUAT,366,6119,-0.351720572,0.858668745,-0.00269027031,0.372791618
QUAT,367,6135,-0.351623118,0.858478367,-0.00304869842,0.373319
QUAT,368,6152,-0.351664096,0.858132958,-0.00332717574,0.374071389
QUAT,369,6169,-0.351916194,0.857713282,-0.00353480573,0.374793887
QUAT,370,6185,-0.352243125,0.85744679,-0.00375929661,0.375094563
QUAT,371,6202,-0.352535337,0.857315719,-0.0039710789,0.375117213
QUAT,372,6219,-0.35273698,0.857236564,-0.00416050898,0.375106394
QUAT,373,6235,-0.352831841,0.857183754,-0.00440905755,0.375135064
QUAT,374,6252,-0.352948457,0.857051671,-0.00470490614,0.375323564
QUAT,375,6269,-0.353197634,0.8568694,-0.00513216853,0.375499368
QUAT,376,6285,-0.353596449,0.856691837,-0.00569448853,0.375521541
QUAT,377,6302,-0.35406363,0.856567502,-0.0062969313,0.375355214
QUAT,378,6319,-0.354574442,0.856453896,-0.00689029833,0.375121593
QUAT,379,6335,-0.355084687,0.856319487,-0.00741936918,0.374935836
QUAT,380,6352,-0.355539948,0.856138468,-0.00784343947,0.374909282
QUAT,381,6369,-0.355862111,0.855960727,-0.00812971778,0.375003338
QUAT,382,6385,-0.356091201,0.855794132,-0.00832188036,0.375161767
QUAT,383,6402,-0.356193751,0.855711639,-0.00847402029,0.375249356
QUAT,384,6419,-0.356179595,0.855727613,-0.00865061302,0.375221997
QUAT,385,6435,-0.356194347,0.855729997,-0.00895830523,0.375195444
QUAT,386,6452,-0.356312364,0.855613947,-0.00937664788,0.37533766
QUAT,387,6469,-0.35653168,0.855382144,-0.00993995927,0.375643224
QUAT,388,6485,-0.35691458,0.854940534,-0.0105504626,0.37626785
QUAT,389,6502,-0.357598931,0.854375303,-0.0111173186,0.376885325
QUAT,390,6519,-0.358567476,0.853925049,-0.0116269989,0.376969844
QUAT,391,6535,-0.359422177,0.853852808,-0.0121576237,0.376302093
QUAT,392,6552,-0.360122442,0.853978157,-0.0126221338,0.375331789
QUAT,393,6569,-0.361109346,0.85392648,-0.013035031,0.374486208
QUAT,394,6585,-0.362530917,0.853610754,-0.0134256221,0.37381807
QUAT,395,6602,-0.363784403,0.853319645,-0.0137657747,0.373252213
QUAT,396,6619,-0.364352256,0.85324508,-0.0138047263,0.372867137
QUAT,397,6635,-0.364172399,0.853549421,-0.0134899784,0.372357368
QUAT,398,6652,-0.363595933,0.85423702,-0.0128406342,0.371365577
QUAT,399,6669,-0.362856805,0.855156481,-0.0118730832,0.370001853
QUAT,400,6685,-0.362352133,0.855948269,-0.0106651811,0.368700117
QUAT,401,6702,-0.362179548,0.856443107,-0.00932263955,0.36775586
QUAT,402,6719,-0.361955762,0.856746078,-0.00797142833,0.367302209
QUAT,403,6735,-0.361281812,0.857060254,-0.00661011785,0.36725983
QUAT,404,6752,-0.360111386,0.857536435,-0.00523239188,0.367319614
QUAT,405,6769,-0.358641982,0.858213842,-0.00393818598,0.367191464
QUAT,406,6785,-0.357106,0.859067738,-0.00280947424,0.366701871
QUAT,407,6802,-0.355700791,0.859999359,-0.00201696088,0.36588794
QUAT,408,6819,-0.354627818,0.860648692,-0.00138757168,0.36540547
QUAT,409,6835,-0.353998512,0.86087507,-0.000927480054,0.36548391
QUAT,410,6852,-0.353648752,0.860865772,-0.000765197328,0.365844637
QUAT,411,6869,-0.353359491,0.860803425,-0.000944788975,0.366269946
QUAT,412,6885,-0.353029698,0.860746145,-0.0013979309,0.366721123
QUAT,413,6902,-0.352712274,0.860685229,-0.00197086134,0.367166638
QUAT,414,6919,-0.35264346,0.86051178,-0.00256030099,0.36763531
QUAT,415,6935,-0.35296458,0.860154867,-0.00312852603,0.368157655
QUAT,416,6952,-0.353478879,0.859705448,-0.00365549,0.36870867
QUAT,417,6969,-0.353865176,0.85927999,-0.00409841817,0.369324714
QUAT,418,6985,-0.354067743,0.858836234,-0.00442373659,0.370157748
QUAT,419,7002,-0.35417819,0.858429611,-0.00470362045,0.37099129
QUAT,420,7019,-0.354329139,0.858057857,-0.00505196443,0.371702015
QUAT,421,7035,-0.35461849,0.857755303,-0.00555308582,0.372116655
QUAT,422,7052,-0.354937375,0.857563972,-0.00625807792,0.372242659
QUAT,423,7069,-0.355254889,0.857408047,-0.00713464012,0.37228325
QUAT,424,7085,-0.355598778,0.857143581,-0.00797437318,0.372546494
QUAT,425,7102,-0.356059313,0.85674125,-0.00866526738,0.373016685
QUAT,426,7119,-0.356474817,0.856419623,-0.00928186346,0.373343199
QUAT,427,7135,-0.356790155,0.856112719,-0.00974239036,0.373733938
QUAT,428,7152,-0.357041001,0.855751812,-0.0100455014,0.374312371
QUAT,429,7169,-0.357268155,0.855350852,-0.0102660926,0.375005394
QUAT,430,7185,-0.35749805,0.85496968,-0.0104637528,0.37564978
QUAT,431,7202,-0.357756317,0.854703546,-0.0107048154,0.376002729
QUAT,432,7219,-0.358027577,0.854606688,-0.0110925082,0.375952899
QUAT,433,7235,-0.358272552,0.854599059,-0.011605477,0.375721425
QUAT,434,7252,-0.358537316,0.854506969,-0.0121135255,0.375662386
QUAT,435,7269,-0.359006703,0.854192853,-0.0125307059,0.375914782
QUAT,436,7285,-0.359788924,0.853700817,-0.0128575796,0.376273334
QUAT,437,7302,-0.360621601,0.853291631,-0.0131963165,0.376392812
QUAT,438,7319,-0.361197174,0.853110015,-0.0134948613,0.376241654
QUAT,439,7335,-0.361600399,0.853077173,-0.0138804,0.375914574
QUAT,440,7352,-0.362353772,0.852790475,-0.0143189095,0.375823259
QUAT,441,7369,-0.363554835,0.85223937,-0.0148067633,0.375894666
QUAT,442,7385,-0.364636809,0.851782143,-0.0153063238,0.375862926
QUAT,443,7402,-0.365084767,0.851706266,-0.0156931076,0.375583917
QUAT,444,7419,-0.364808738,0.852073491,-0.0157612711,0.375015974
QUAT,445,7435,-0.364125848,0.852709472,-0.0153024755,0.374252528
QUAT,446,7452,-0.363360971,0.853444934,-0.0144340917,0.373352826
QUAT,447,7469,-0.362826586,0.854074538,-0.0133518158,0.372471958
QUAT,448,7485,-0.362509519,0.854528546,-0.0121467952,0.37177974
QUAT,449,7502,-0.362158298,0.854866505,-0.0108766118,0.371384501
QUAT,450,7519,-0.361636251,0.855192184,-0.00961002242,0.37117818
QUAT,451,7535,-0.360741526,0.855711102,-0.00842150766,0.370881885
QUAT,452,7552,-0.359543562,0.856474936,-0.00741663622,0.370303035
QUAT,453,7569,-0.358224124,0.857367456,-0.00661398517,0.369530797
QUAT,454,7585,-0.35692212,0.858231246,-0.00598435244,0.368795156
QUAT,455,7602,-0.355872035,0.858823061,-0.00545687601,0.368440241
QUAT,456,7619,-0.355266184,0.859023631,-0.00504985126,0.368563175
QUAT,457,7635,-0.355008543,0.858963966,-0.00487581082,0.36895296
QUAT,458,7652,-0.354990184,0.858750343,-0.004998683,0.369465858
QUAT,459,7669,-0.355072021,0.85843569,-0.00535176415,0.370112866
QUAT,460,7685,-0.355122596,0.85812372,-0.0058285105,0.370779783
QUAT,461,7702,-0.355106622,0.85786289,-0.00631500874,0.371390462
QUAT,462,7719,-0.35508135,0.857710719,-0.00672389753,0.371758491
QUAT,463,7735,-0.355118722,0.857718408,-0.00718818326,0.371696174
QUAT,464,7752,-0.355258197,0.857724249,-0.0076945629,0.371539563
QUAT,465,7769,-0.355582595,0.85738498,-0.00807441212,0.372003883
QUAT,466,7785,-0.356033266,0.856747866,-0.00843904912,0.373031259
QUAT,467,7802,-0.356606871,0.85597831,-0.00889746286,0.374237269
QUAT,468,7819,-0.35717997,0.855293632,-0.00941933692,0.375242323
QUAT,469,7835,-0.35760501,0.854930282,-0.0100192688,0.375649571
QUAT,470,7852,-0.357936829,0.854924262,-0.0106905634,0.37532866
QUAT,471,7869,-0.358302444,0.855081022,-0.0113672288,0.374602228
QUAT,472,7885,-0.358864218,0.855091095,-0.011956688,0.374022543
QUAT,473,7902,-0.359556198,0.854861736,-0.0124552445,0.373865992
QUAT,474,7919,-0.360241771,0.854400516,-0.0128799677,0.374245971
QUAT,475,7935,-0.360946804,0.85372895,-0.0132444762,0.375085473
QUAT,476,7952,-0.361588806,0.853084862,-0.0136839589,0.375915587
QUAT,477,7969,-0.362155497,0.852527916,-0.0142103396,0.376613468
QUAT,478,7985,-0.362626404,0.852072835,-0.0148629835,0.377164483
QUAT,479,8002,-0.363041282,0.851702273,-0.0156831928,0.37756905
QUAT,480,8019,-0.363598943,0.851248562,-0.0165953841,0.378016293
QUAT,481,8035,-0.364521056,0.850674033,-0.0175705608,0.378377229
QUAT,482,8052,-0.365532368,0.850224495,-0.0186981075,0.378358215
QUAT,483,8069,-0.366403401,0.849873841,-0.0197016727,0.378252447
QUAT,484,8085,-0.367130995,0.849502265,-0.0204456653,0.378342211
QUAT,485,8102,-0.368058562,0.848971248,-0.0209385753,0.378606051
QUAT,486,8119,-0.36938265,0.848334908,-0.0213189572,0.378721625
QUAT,487,8135,-0.370746851,0.847856641,-0.0217280556,0.378436238
QUAT,488,8152,-0.371525645,0.847737432,-0.0220584497,0.377920121
QUAT,489,8169,-0.371592492,0.847996593,-0.0220395289,0.377273589
QUAT,490,8185,-0.371230036,0.84856981,-0.0215514507,0.376368701
QUAT,491,8202,-0.370713413,0.849380612,-0.0206353012,0.375097871
QUAT,492,8219,-0.370182931,0.850266576,-0.0193735994,0.37367934
QUAT,493,8235,-0.369718254,0.85105288,-0.0178911667,0.372421235
QUAT,494,8252,-0.369193822,0.851689041,-0.0163057204,0.371558875
QUAT,495,8269,-0.368238479,0.852365553,-0.0146327624,0.371024668
QUAT,496,8285,-0.366763324,0.853296459,-0.0129229464,0.370409131
QUAT,497,8302,-0.365112901,0.854316115,-0.0113199921,0.369741112
QUAT,498,8319,-0.36330238,0.855457127,-0.00987337995,0.368927121
QUAT,499,8335,-0.361546189,0.856450677,-0.00864576828,0.368377477
QUAT,500,8352,-0.36003688,0.857100964,-0.00765921734,0.368365109
QUAT,501,8369,-0.358935118,0.857332349,-0.0069636316,0.36891517
QUAT,502,8385,-0.358161926,0.857389987,-0.00667419797,0.369537473
QUAT,503,8402,-0.357459486,0.857575417,-0.00686671538,0.369783998
QUAT,504,8419,-0.356608003,0.857971191,-0.00735966256,0.369678557
QUAT,505,8435,-0.355734885,0.85834378,-0.00795638096,0.369642466
QUAT,506,8452,-0.355190486,0.858382225,-0.00846271031,0.370065004
QUAT,507,8469,-0.3549501,0.858289659,-0.008772281,0.370502889
QUAT,508,8485,-0.354913056,0.858242452,-0.00910254475,0.37063998
QUAT,509,8502,-0.355263412,0.857927799,-0.00930467341,0.371027589
QUAT,510,8519,-0.355749249,0.857375085,-0.0093348464,0.371837735
QUAT,511,8535,-0.356319845,0.856727362,-0.00940460432,0.372781485
QUAT,512,8552,-0.357118011,0.856015444,-0.00952985883,0.373649091
QUAT,513,8569,-0.357993513,0.855475187,-0.0097993752,0.374041498
QUAT,514,8585,-0.358664066,0.855388284,-0.0103010731,0.373584032
QUAT,515,8602,-0.359110266,0.855714738,-0.0109961759,0.372386098
QUAT,516,8619,-0.359566361,0.856133103,-0.0117426859,0.370958865
QUAT,517,8635,-0.360237151,0.856299937,-0.0124069899,0.369899541
QUAT,518,8652,-0.360982656,0.856164336,-0.0129425954,0.369468331
QUAT,519,8669,-0.361800075,0.855637789,-0.0133048873,0.369875669
QUAT,520,8685,-0.362640649,0.85481441,-0.0135684749,0.370944977
QUAT,521,8702,-0.363292068,0.85404861,-0.0139417415,0.372056037
QUAT,522,8719,-0.363631874,0.853459954,-0.0145142432,0.373051524
QUAT,523,8735,-0.363693625,0.853098094,-0.0152368052,0.373789549
QUAT,524,8752,-0.363624752,0.852920294,-0.0161028467,0.374225736
QUAT,525,8769,-0.36362642,0.852917671,-0.0170930084,0.374186128
QUAT,526,8785,-0.363771349,0.853027046,-0.0182347428,0.373741955
QUAT,527,8802,-0.364147574,0.852962732,-0.0193216205,0.373467624
QUAT,528,8819,-0.364818484,0.852463663,-0.020242855,0.373903155
QUAT,529,8835,-0.3656829,0.851507187,-0.0208353624,0.375203282
QUAT,530,8852,-0.366521925,0.850420713,-0.0211607758,0.376827002
QUAT,531,8869,-0.36725691,0.849565446,-0.0213955119,0.378025591
QUAT,532,8885,-0.367955029,0.849183619,-0.0216628294,0.378189445
QUAT,533,8902,-0.368489802,0.849369705,-0.0220239349,0.377228588
QUAT,534,8919,-0.368619055,0.850005448,-0.0221357383,0.375660539
QUAT,535,8935,-0.368374586,0.850815654,-0.0217115544,0.374087542
QUAT,536,8952,-0.367881298,0.851626158,-0.0206034873,0.372789264
QUAT,537,8969,-0.367327452,0.852357209,-0.0190020669,0.371748209
QUAT,538,8985,-0.366998404,0.852889001,-0.0170766134,0.37094593
QUAT,539,9002,-0.36681205,0.853355706,-0.0151288854,0.370140821
QUAT,540,9019,-0.366475612,0.853842378,-0.0133306086,0.369420052
QUAT,541,9035,-0.365938962,0.854288936,-0.0118418979,0.368970156
QUAT,542,9052,-0.365072459,0.854716182,-0.0105101904,0.368879348
QUAT,543,9069,-0.363854647,0.855163574,-0.00924885366,0.36907962
QUAT,544,9085,-0.362432152,0.85575819,-0.00818978064,0.369126081
QUAT,545,9102,-0.36105153,0.856410325,-0.00737528363,0.368983418
QUAT,546,9119,-0.359921247,0.856914759,-0.0068087494,0.368927658
QUAT,547,9135,-0.359108001,0.85719347,-0.00648892717,0.369078368
QUAT,548,9152,-0.358563781,0.857261062,-0.00646618661,0.369450659
QUAT,549,9169,-0.358143032,0.85719502,-0.00669116853,0.370007426
QUAT,550,9185,-0.357702225,0.85711211,-0.00707737729,0.370618343
QUAT,551,9202,-0.35716629,0.85708648,-0.00756596448,0.371184498
QUAT,552,9219,-0.356672615,0.857079029,-0.00805459078,0.371666104
QUAT,553,9235,-0.356419027,0.857034743,-0.00845831539,0.372002095
QUAT,554,9252,-0.356472641,0.856939435,-0.00875927787,0.372163147
QUAT,555,9269,-0.356787473,0.856787443,-0.0090394849,0.37220487
QUAT,556,9285,-0.357249528,0.856436014,-0.00916842464,0.372567087
QUAT,557,9302,-0.35768044,0.856051385,-0.00927223638,0.373034716
QUAT,558,9319,-0.358039916,0.855715573,-0.0093878042,0.373457283
QUAT,559,9335,-0.358392894,0.855451763,-0.00951449852,0.373719633
QUAT,560,9352,-0.358712941,0.855408192,-0.00975088216,0.373506099
QUAT,561,9369,-0.359091252,0.855573595,-0.0101822522,0.372751534
QUAT,562,9385,-0.35970059,0.855748355,-0.0107606445,0.371745229
QUAT,563,9402,-0.36055854,0.855739892,-0.0113408742,0.370915711
QUAT,564,9419,-0.361429304,0.855518758,-0.0118786804,0.370561332
QUAT,565,9435,-0.362157196,0.855104506,-0.0122619206,0.370793879
QUAT,566,9452,-0.362782747,0.854421735,-0.0123281842,0.371752918
QUAT,567,9469,-0.363219678,0.853840172,-0.0122749945,0.372663081
QUAT,568,9485,-0.363374352,0.853594661,-0.012270702,0.373074651
QUAT,569,9502,-0.363385916,0.853564084,-0.0123400353,0.373131275
QUAT,570,9519,-0.363418311,0.85362947,-0.0126507571,0.372939676
QUAT,571,9535,-0.363571912,0.853614926,-0.0132830497,0.372801393
QUAT,572,9552,-0.364232033,0.853190958,-0.0141677242,0.373094499
QUAT,573,9569,-0.365628183,0.852293015,-0.0152475862,0.37373811
QUAT,574,9585,-0.367547721,0.851175845,-0.0165063422,0.374347389
QUAT,575,9602,-0.369279265,0.850272596,-0.0177710354,0.374638051
QUAT,576,9619,-0.370313078,0.849706948,-0.0187745504,0.374852091
QUAT,577,9635,-0.370960653,0.849371374,-0.019434087,0.374938428
QUAT,578,9652,-0.371679425,0.849215925,-0.0198412687,0.374557465
QUAT,579,9669,-0.372366428,0.849326134,-0.0200099591,0.373615116
QUAT,580,9685,-0.372717679,0.849761605,-0.0198479481,0.372280747
QUAT,581,9702,-0.372622013,0.850441873,-0.0192495212,0.370851755
QUAT,582,9719,-0.372192055,0.851181567,-0.0181011632,0.369642466
QUAT,583,9735,-0.371557951,0.85194695,-0.016449837,0.36859253
QUAT,584,9752,-0.370908797,0.852654457,-0.014525054,0.367690295
QUAT,585,9769,-0.370214254,0.853478074,-0.0127083333,0.366544992
QUAT,586,9785,-0.3693721,0.854401886,-0.0110270754,0.365294784
QUAT,587,9802,-0.368213087,0.85542357,-0.00937405135,0.364117861
QUAT,588,9819,-0.366853297,0.856387079,-0.00775931822,0.363262743
QUAT,589,9835,-0.365424514,0.857252836,-0.00622351654,0.362689793
QUAT,590,9852,-0.363720953,0.858237982,-0.0050087506,0.362090409
QUAT,591,9869,-0.36193049,0.859212279,-0.00406700838,0.361585557
QUAT,592,9885,-0.360394984,0.859927654,-0.00336089148,0.361425847
QUAT,593,9902,-0.359246165,0.860400558,-0.00305656227,0.361446679
QUAT,594,9919,-0.358438969,0.860641062,-0.00318041607,0.361674666
QUAT,595,9935,-0.357986748,0.860548615,-0.00355412322,0.362338483
QUAT,596,9952,-0.357835382,0.860213161,-0.00407188851,0.363277763
QUAT,597,9969,-0.357869357,0.859777033,-0.00461348472,0.36426881
QUAT,598,9985,-0.358051121,0.85935539,-0.00501516834,0.365079165
QUAT,599,10002,-0.358340055,0.85908097,-0.00545770861,0.365434736
QUAT,600,10019,-0.358859271,0.858772397,-0.00583999464,0.365644604
QUAT,601,10035,-0.359742373,0.858169258,-0.00606709532,0.366188556
QUAT,602,10052,-0.360861838,0.857417583,-0.00632682303,0.366843164
QUAT,603,10069,-0.361961722,0.856660783,-0.00664827647,0.367521435
QUAT,604,10085,-0.362885028,0.856053352,-0.00703960145,0.368018538
QUAT,605,10102,-0.363704771,0.855662763,-0.00748892874,0.368108839
QUAT,606,10119,-0.364474088,0.855609596,-0.00810952391,0.367457896
QUAT,607,10135,-0.365167856,0.855806291,-0.00887796935,0.366291583
QUAT,608,10152,-0.365928262,0.855905175,-0.00957741681,0.365282446
QUAT,609,10169,-0.366795599,0.85571748,-0.0100479573,0.364839584
QUAT,610,10185,-0.367591202,0.85520941,-0.0104237655,0.365218967
QUAT,611,10202,-0.368226171,0.854349256,-0.0106486939,0.366583586
QUAT,612,10219,-0.368600547,0.853372991,-0.0108659184,0.368470043
QUAT,613,10235,-0.368788123,0.852523923,-0.011320659,0.370230019
QUAT,614,10252,-0.368965209,0.851826668,-0.012082709,0.371631742
QUAT,615,10269,-0.369231641,0.851228893,-0.0130555509,0.372702122
QUAT,616,10285,-0.369674355,0.850633562,-0.0140649499,0.373584926
QUAT,617,10302,-0.370506018,0.849989474,-0.0150436945,0.374188513
QUAT,618,10319,-0.371368915,0.849607408,-0.0161186736,0.374156028
QUAT,619,10335,-0.371988565,0.849358857,-0.0170742963,0.374062449
QUAT,620,10352,-0.372396052,0.849004507,-0.0175909996,0.374437124
QUAT,621,10369,-0.372618824,0.848622262,-0.0177017953,0.375076205
QUAT,622,10385,-0.37301001,0.848157525,-0.0175136197,0.375746906
QUAT,623,10402,-0.373909563,0.847722948,-0.0172779467,0.375844389
QUAT,624,10419,-0.37512359,0.847612739,-0.0170206036,0.374893695
QUAT,625,10435,-0.375944197,0.848020256,-0.0166481379,0.373163044
QUAT,626,10452,-0.375889897,0.848900318,-0.0160707757,0.371237129
QUAT,627,10469,-0.374914259,0.849929929,-0.0150135653,0.369909585
QUAT,628,10485,-0.373320431,0.850818813,-0.0133867776,0.369540304
QUAT,629,10502,-0.37149623,0.851494253,-0.0114453351,0.369888395
QUAT,630,10519,-0.369745582,0.852059543,-0.00967547577,0.370390683
QUAT,631,10535,-0.368260175,0.852622211,-0.00839861296,0.370606899
QUAT,632,10552,-0.367326647,0.852986217,-0.00758973835,0.370712996
QUAT,633,10569,-0.366838396,0.853117943,-0.00707395887,0.370903671
QUAT,634,10585,-0.366494596,0.85303396,-0.00674758432,0.371442467
QUAT,635,10602,-0.365914643,0.852966189,-0.00656493846,0.372171909
QUAT,636,10619,-0.365126938,0.853032529,-0.00640624389,0.372796029
QUAT,637,10635,-0.364305198,0.853280604,-0.00606632372,0.373037905
QUAT,638,10652,-0.363474935,0.853769422,-0.00558330584,0.372736454
QUAT,639,10669,-0.36271584,0.854366541,-0.00501771318,0.372115433
QUAT,640,10685,-0.362160683,0.85474807,-0.00429825345,0.371789038
QUAT,641,10702,-0.361908257,0.854761541,-0.00346938265,0.372012526
QUAT,642,10719,-0.361805201,0.854544282,-0.00258981949,0.372618496
QUAT,643,10735,-0.361765355,0.854358375,-0.00176538108,0.373087972
QUAT,644,10752,-0.361692578,0.854405403,-0.000973295304,0.373053461
QUAT,645,10769,-0.361690342,0.854704797,-0.000153493718,0.372370601
QUAT,646,10785,-0.361673623,0.855194569,0.000666165957,0.371260226
QUAT,647,10802,-0.361485571,0.855756581,0.00152698753,0.370144159
QUAT,648,10819,-0.361110061,0.856328785,0.00244650082,0.369180948
QUAT,649,10835,-0.360636055,0.856939912,0.00331369624,0.368218303
QUAT,650,10852,-0.360026419,0.857647717,0.00410976121,0.367157489
QUAT,651,10869,-0.359150261,0.85850668,0.00474610785,0.365998596
QUAT,652,10885,-0.358110994,0.859401047,0.00518330093,0.364910156
QUAT,653,10902,-0.357236028,0.860057294,0.00555693638,0.364215553
QUAT,654,10919,-0.356638372,0.860374272,0.00605193246,0.364044815
QUAT,655,10935,-0.356043935,0.860678434,0.00655229064,0.363899142
QUAT,656,10952,-0.355259806,0.861093402,0.00712937582,0.363672733
QUAT,657,10969,-0.354445577,0.86157769,0.00771856494,0.363307983
QUAT,658,10985,-0.353605926,0.86217618,0.0082848575,0.362693429
QUAT,659,11002,-0.352692544,0.862867773,0.00870935712,0.36192742
QUAT,660,11019,-0.351807028,0.863611758,0.00902742147,0.361005813
QUAT,661,11035,-0.350988448,0.864320695,0.00917452481,0.360101223
QUAT,662,11052,-0.350173354,0.864921033,0.00926634949,0.35945037
QUAT,663,11069,-0.349388272,0.865315616,0.00954354089,0.359257013
QUAT,664,11085,-0.348905832,0.865411341,0.00994387083,0.359484553
QUAT,665,11102,-0.348734498,0.865576088,0.0103263855,0.359243244
QUAT,666,11119,-0.348343223,0.866117656,0.0104592387,0.358312577
QUAT,667,11135,-0.347392619,0.866722107,0.0105403475,0.357771009
